// Jest Snapshot v1, https://goo.gl/fbAQLP

exports[`<SvgPath /> component should render all props 1`] = `<path d="M10 10 H 90 V 90 H 10 L 10 10" stroke-linecap="butt" stroke-width="5" stroke="#f06" fill="red"></path>`;

exports[`<SvgPath /> component should render correct without props 1`] = `<path d="M 100 300 L 150 350 L 100 400 L 50 350 L 100 300"></path>`;
