// Jest Snapshot v1, https://goo.gl/fbAQLP

exports[`<SvgRoot /> component should render all props 1`] = `<svg width="100" height="200" viewBox="0 0 500 800" xmlns="http://www.w3.org/2000/svg" version="1.1" xmlns:xlink="http://www.w3.org/1999/xlink"></svg>`;

exports[`<SvgRoot /> component should render correct without props 1`] = `<svg width="500" height="500" viewBox="0 0 500 500" xmlns="http://www.w3.org/2000/svg" version="1.1" xmlns:xlink="http://www.w3.org/1999/xlink"></svg>`;
