// Jest Snapshot v1, https://goo.gl/fbAQLP

exports[`<SvgText /> component should render correct without props 1`] = `<text>Test text</text>`;
