// Jest Snapshot v1, https://goo.gl/fbAQLP

exports[`<App /> component should render correct without props 1`] = `
<div id="app">
  <!---->
</div>
`;
